publiccodeYmlVersion: "0.2"
name: ""
url: null
releaseDate: 0000-00-00
platforms: []
categories: []
developmentStatus: ""
softwareType: ""
intendedAudience: {}
description: {}
legal:
    license: ""
maintenance:
    type: ""
localisation:
    localisationReady: false
    availableLanguages: []
it:
    countryExtensionVersion: "0.2"
    conforme:
        modelloInteroperabilita: false
        misureMinimeSicurezza: false
        gdpr: false
    riuso: {}
    piattaforme:
        spid: false
        pagopa: false
        cie: false
        anpr: false
